[36m  Serving HTML report at http://localhost:13530. Press Ctrl+C to quit.[39m
